###############################################################################
#
# IAR ELF Linker V3.11.1.207 for STM8                     01/Oct/2023  13:20:29
# Copyright 2010-2019 IAR Systems AB.
#
#    Output file  =  
#        C:\Users\hoang\OneDrive\Desktop\KhoaXeMay\Firmware\Debug\Exe\SmartKeySoft.out
#    Map file     =  
#        C:\Users\hoang\OneDrive\Desktop\KhoaXeMay\Firmware\Debug\List\SmartKeySoft.map
#    Command line =  
#        -f C:\Users\hoang\AppData\Local\Temp\EWD622.tmp
#        (C:\Users\hoang\OneDrive\Desktop\KhoaXeMay\Firmware\Debug\Obj\main.o
#        C:\Users\hoang\OneDrive\Desktop\KhoaXeMay\Firmware\Debug\Obj\stm8s_clk.o
#        C:\Users\hoang\OneDrive\Desktop\KhoaXeMay\Firmware\Debug\Obj\stm8s_flash.o
#        C:\Users\hoang\OneDrive\Desktop\KhoaXeMay\Firmware\Debug\Obj\stm8s_gpio.o
#        C:\Users\hoang\OneDrive\Desktop\KhoaXeMay\Firmware\Debug\Obj\stm8s_spi.o
#        C:\Users\hoang\OneDrive\Desktop\KhoaXeMay\Firmware\Debug\Obj\stm8s_tim2.o
#        C:\Users\hoang\OneDrive\Desktop\KhoaXeMay\Firmware\Debug\Obj\stm8s_tim4.o
#        C:\Users\hoang\OneDrive\Desktop\KhoaXeMay\Firmware\Debug\Obj\stm8s_uart1.o
#        --redirect _Printf=_PrintfFullNoMb --redirect _Scanf=_ScanfFullNoMb
#        --no_out_extension -o
#        C:\Users\hoang\OneDrive\Desktop\KhoaXeMay\Firmware\Debug\Exe\SmartKeySoft.out
#        --map
#        C:\Users\hoang\OneDrive\Desktop\KhoaXeMay\Firmware\Debug\List\SmartKeySoft.map
#        --config "C:\Program Files (x86)\IAR Systems\Embedded Workbench
#        8.3\stm8\config\lnkstm8s103f3.icf" --config_def _CSTACK_SIZE=0x100
#        --config_def _HEAP_SIZE=0x100 --entry __iar_program_start --debug_lib)
#
###############################################################################

*******************************************************************************
*** RUNTIME MODEL ATTRIBUTES
***

__SystemLibrary            = DLib
__code_model               = small
__core                     = stm8
__data_model               = medium
__dlib_file_descriptor     = 0
__dlib_full_locale_support = 0
__rt_version               = 4


*******************************************************************************
*** PLACEMENT SUMMARY
***

"A0":  place at start of [0x000000-0x0000ff] { rw section .vregs };
"A1":  place at end of [0x000000-0x0003ff] { block CSTACK };
"P2":  place in [from 0x000000 to 0x0003ff] {
          block HEAP, rw section __DLIB_PERTHREAD, rw section .far.bss,
          rw section .far.data, rw section .far.noinit,
          rw section .far_func.textrw, rw section .huge.bss,
          rw section .huge.data, rw section .huge.noinit,
          rw section .huge_func.textrw, rw section .iar.dynexit,
          rw section .near.bss, rw section .near.data, rw section .near.noinit,
          rw section .near_func.textrw };
"A2":  place at start of [0x008000-0x009fff] { block INTVEC };
"P3":  place in [from 0x008000 to 0x009fff] {
          ro section __DLIB_PERTHREAD_init, ro section .far.data_init,
          ro section .far_func.textrw_init, ro section .huge.data_init,
          ro section .huge_func.textrw_init, ro section .iar.init_table,
          ro section .init_array, ro section .near.data_init,
          ro section .near.rodata, ro section .near_func.text,
          ro section .near_func.textrw_init, ro section .tiny.data_init,
          ro section .tiny.rodata_init };
"P4":  place in [from 0x008000 to 0x009fff] {
          ro section .far.rodata, ro section .far_func.text };
"P5":  place in [from 0x008000 to 0x009fff] {
          ro section .huge.rodata, ro section .huge_func.text };
do not initialize {
   rw section .eeprom.noinit, rw section .far.noinit, rw section .huge.noinit,
   rw section .near.noinit, rw section .tiny.noinit, rw section .vregs };
initialize by copy {
   rw section .far.bss, rw section .far.data, rw section .far_func.textrw,
   rw section .huge.bss, rw section .huge.data, rw section .huge_func.textrw,
   rw section .iar.dynexit, rw section .near.bss, rw section .near.data,
   rw section .near_func.textrw, rw section .tiny.bss, rw section .tiny.data,
   ro section .tiny.rodata };

No sections matched the following patterns:

  ro section .far.data_init          in "P3-P5"
  ro section .far.rodata             in "P3-P5"
  ro section .far_func.text          in "P3-P5"
  ro section .far_func.textrw_init   in "P3-P5"
  ro section .huge.data_init         in "P3-P5"
  ro section .huge.rodata            in "P3-P5"
  ro section .huge_func.text         in "P3-P5"
  ro section .huge_func.textrw_init  in "P3-P5"
  ro section .iar.init_table         in "P3-P5"
  ro section .init_array             in "P3-P5"
  ro section .near_func.textrw_init  in "P3-P5"
  ro section .tiny.data_init         in "P3-P5"
  ro section .tiny.rodata_init       in "P3-P5"
  ro section __DLIB_PERTHREAD_init   in "P3-P5"
  rw section .far.bss                in "P2"
  rw section .far.data               in "P2"
  rw section .far.noinit             in "P2"
  rw section .far_func.textrw        in "P2"
  rw section .huge.bss               in "P2"
  rw section .huge.data              in "P2"
  rw section .huge.noinit            in "P2"
  rw section .huge_func.textrw       in "P2"
  rw section .iar.dynexit            in "P2"
  rw section .near.noinit            in "P2"
  rw section .near_func.textrw       in "P2"
  rw section .tiny.bss               in "P1"
  rw section .tiny.data              in "P1"
  rw section .tiny.noinit            in "P1"
  rw section .tiny.rodata            in "P1"
  rw section __DLIB_PERTHREAD        in "P2"
  section .eeprom.data               in "P6-P8"
  section .eeprom.noinit             in "P6-P8"
  section .eeprom.rodata             in "P6-P8"


  Section            Kind      Address    Size  Object
  -------            ----      -------    ----  ------
"A0":                                     0x10
  .vregs             uninit   0x000000    0x10  vregs.o [4]
                            - 0x000010    0x10

"P2", part 1 of 2:                        0x26
  P2-1                        0x000010    0x26  <Init block>
    .near.data       inited   0x000010     0xe  main.o [1]
    .near.data       inited   0x00001e     0xe  main.o [1]
    .near.data       inited   0x00002c     0x4  main.o [1]
    .near.data       inited   0x000030     0x4  main.o [1]
    .near.data       inited   0x000034     0x2  main.o [1]
                            - 0x000036    0x26

"P2", part 2 of 2:                        0x53
  .near.bss          zero     0x000036    0x35  main.o [1]
  .near.bss          zero     0x00006b    0x10  main.o [1]
  .near.bss          zero     0x00007b     0xa  main.o [1]
  .near.bss          zero     0x000085     0x2  main.o [1]
  .near.bss          zero     0x000087     0x1  main.o [1]
  .near.bss          zero     0x000088     0x1  main.o [1]
                            - 0x000089    0x53

"A1":                                    0x100
  CSTACK                      0x000300   0x100  <Block>
    CSTACK           uninit   0x000300   0x100  <Block tail>
                            - 0x000400   0x100

"A2":                                     0x80
  INTVEC                      0x008000    0x80  <Block>
    .intvec          const    0x008000    0x80  interrupt.o [4]
                            - 0x008080    0x80

"P3-P5":                                0x1ea1
  .near_func.text    ro code  0x008080   0x682  main.o [1]
  .near_func.text    ro code  0x008702   0x338  float.o [4]
  .near_func.text    ro code  0x008a3a   0x222  stm8s_uart1.o [1]
  .near_func.text    ro code  0x008c5c   0x148  long.o [4]
  .near_func.text    ro code  0x008da4   0x12d  stm8s_clk.o [1]
  .near_func.text    ro code  0x008ed1   0x119  vreg_util.o [4]
  .near_func.text    ro code  0x008fea   0x110  stm8s_gpio.o [1]
  .near_func.text    ro code  0x0090fa    0xd3  stm8s_uart1.o [1]
  .near_func.text    ro code  0x0091cd    0xd0  stm8s_uart1.o [1]
  .near_func.text    ro code  0x00929d    0x9e  stm8s_uart1.o [1]
  .near_func.text    ro code  0x00933b    0x90  main.o [1]
  .near_func.text    ro code  0x0093cb    0x8e  main.o [1]
  .near_func.text    ro code  0x009459    0x8b  stm8s_clk.o [1]
  .near_func.text    ro code  0x0094e4    0x6c  main.o [1]
  .near_func.text    ro code  0x009550    0x68  main.o [1]
  .near_func.text    ro code  0x0095b8    0x59  stm8s_tim2.o [1]
  .near_func.text    ro code  0x009611    0x57  stm8s_clk.o [1]
  .near_func.text    ro code  0x009668    0x55  stm8s_tim2.o [1]
  .near_func.text    ro code  0x0096bd    0x54  stm8s_flash.o [1]
  .near_func.text    ro code  0x009711    0x54  stm8s_tim2.o [1]
  .near_func.text    ro code  0x009765    0x52  main.o [1]
  .near.rodata       const    0x0097b7    0x4d  stm8s_flash.o [1]
  .near.rodata       const    0x009804    0x4d  stm8s_uart1.o [1]
  .near.rodata       const    0x009851    0x4c  stm8s_gpio.o [1]
  .near.rodata       const    0x00989d    0x4c  stm8s_tim2.o [1]
  .near.rodata       const    0x0098e9    0x4b  stm8s_clk.o [1]
  .near_func.text    ro code  0x009934    0x4a  stm8s_flash.o [1]
  .near_func.text    ro code  0x00997e    0x47  long_util.o [4]
  .near_func.text    ro code  0x0099c5    0x3b  main.o [1]
  .near_func.text    ro code  0x009a00    0x3b  stm8s_flash.o [1]
  .near.rodata       const    0x009a3b    0x36  main.o [1]
  .near_func.text    ro code  0x009a71    0x36  stm8s_clk.o [1]
  .near_func.text    ro code  0x009aa7    0x34  strncpy.o [4]
  .near_func.text    ro code  0x009adb    0x33  dc_util.o [4]
  .near_func.text    ro code  0x009b0e    0x30  main.o [1]
  .near_func.text    ro code  0x009b3e    0x2f  stm8s_tim2.o [1]
  .near_func.text    ro code  0x009b6d    0x2f  stm8s_tim2.o [1]
  .near_func.text    ro code  0x009b9c    0x2d  main.o [1]
  .near_func.text    ro code  0x009bc9    0x2d  stm8s_flash.o [1]
  .near_func.text    ro code  0x009bf6    0x2d  stm8s_uart1.o [1]
  .near_func.text    ro code  0x009c23    0x2c  strcmp.o [4]
  .near_func.text    ro code  0x009c4f    0x2b  stm8s_flash.o [1]
  .near_func.text    ro code  0x009c7a    0x28  stm8s_tim2.o [1]
  .near_func.text    ro code  0x009ca2    0x28  init_small.o [4]
  Initializer bytes  const    0x009cca    0x26  <for P2-1>
  .near_func.text    ro code  0x009cf0    0x24  main.o [1]
  .iar.init_table    const    0x009d14    0x12  - Linker created -
  .near_func.text    ro code  0x009d26    0x1e  init_small.o [4]
  .near_func.text    ro code  0x009d44    0x18  short.o [4]
  .near_func.text    ro code  0x009d5c    0x16  memset.o [4]
  .near_func.text    ro code  0x009d72    0x14  main.o [1]
  .near_func.text    ro code  0x009d86    0x14  stm8s_gpio.o [1]
  .near_func.text    ro code  0x009d9a    0x14  init.o [4]
  .near_func.text    ro code  0x009dae    0x14  __dbg_xxexit.o [3]
  .near.rodata       const    0x009dc2    0x13  main.o [1]
  .near.rodata       const    0x009dd5    0x13  main.o [1]
  .near_func.text    ro code  0x009de8    0x13  cstartup.o [4]
  .near.rodata       const    0x009dfb    0x12  main.o [1]
  .near.rodata       const    0x009e0d    0x12  main.o [1]
  .near.rodata       const    0x009e1f    0x10  main.o [1]
  .near.rodata       const    0x009e2f     0xf  main.o [1]
  .near.rodata       const    0x009e3e     0xf  main.o [1]
  .near.rodata       const    0x009e4d     0xe  main.o [1]
  .near.rodata       const    0x009e5b     0xd  main.o [1]
  .near.rodata       const    0x009e68     0xd  main.o [1]
  .near_func.text    ro code  0x009e75     0xd  stm8s_uart1.o [1]
  .near_func.text    ro code  0x009e82     0xd  strlen.o [4]
  .near.rodata       const    0x009e8f     0xc  main.o [1]
  .near.rodata       const    0x009e9b     0xc  main.o [1]
  .near_func.text    ro code  0x009ea7     0xc  stm8s_tim2.o [1]
  .near.rodata       const    0x009eb3     0xb  main.o [1]
  .near.rodata       const    0x009ebe     0xb  main.o [1]
  .near.rodata       const    0x009ec9     0xa  main.o [1]
  .near.rodata       const    0x009ed3     0x9  main.o [1]
  .near.rodata       const    0x009edc     0x8  main.o [1]
  .near_func.text    ro code  0x009ee4     0x7  stm8s_gpio.o [1]
  .near_func.text    ro code  0x009eeb     0x7  stm8s_gpio.o [1]
  .near_func.text    ro code  0x009ef2     0x7  stm8s_gpio.o [1]
  .near_func.text    ro code  0x009ef9     0x5  cexit.o [4]
  .near.rodata       const    0x009efe     0x4  stm8s_clk.o [1]
  .near_func.text    ro code  0x009f02     0x4  stm8s_gpio.o [1]
  .near_func.text    ro code  0x009f06     0x4  stm8s_uart1.o [1]
  .near_func.text    ro code  0x009f0a     0x4  stm8s_uart1.o [1]
  .near_func.text    ro code  0x009f0e     0x3  interrupt.o [4]
  .near_func.text    ro code  0x009f11     0x3  low_level_init.o [4]
  .near_func.text    ro code  0x009f14     0x3  exit.o [4]
  .near_func.text    ro code  0x009f17     0x3  unhandled_exception.o [4]
  .near.rodata       const    0x009f1a     0x2  main.o [1]
  .near.rodata       const    0x009f1c     0x2  main.o [1]
  .near_func.text    ro code  0x009f1e     0x2  main.o [1]
  .near_func.text    ro code  0x009f20     0x1  __dbg_break.o [3]
                            - 0x009f21  0x1ea1


*******************************************************************************
*** INIT TABLE
***

          Address   Size
          -------   ----
Zero (__iar_zero_init2)
    1 destination range, total size 0x53:
          0x000036  0x53

Copy (__iar_copy_init2)
    1 source range, total size 0x26:
          0x009cca  0x26
    1 destination range, total size 0x26:
          0x000010  0x26



*******************************************************************************
*** MODULE SUMMARY
***

    Module                 ro code  ro data  rw data
    ------                 -------  -------  -------
C:\Users\hoang\OneDrive\Desktop\KhoaXeMay\Firmware\Debug\Obj: [1]
    main.o                   2 456      329      121
    stm8s_clk.o                581       79
    stm8s_flash.o              305       77
    stm8s_gpio.o               317       76
    stm8s_tim2.o               404       76
    stm8s_uart1.o            1 189       77
    ------------------------------------------------
    Total:                   5 252      714      121

command line: [2]
    ------------------------------------------------
    Total:

dbgstm8smd.a: [3]
    __dbg_break.o                1
    __dbg_xxexit.o              20
    ------------------------------------------------
    Total:                      21

dlstm8smn.a: [4]
    cexit.o                      5
    cstartup.o                  19
    dc_util.o                   51
    exit.o                       3
    float.o                    824
    init.o                      20
    init_small.o                70
    interrupt.o                  3      128
    long.o                     328
    long_util.o                 71
    low_level_init.o             3
    memset.o                    22
    short.o                     24
    strcmp.o                    44
    strlen.o                    13
    strncpy.o                   52
    unhandled_exception.o        3
    vreg_util.o                281
    vregs.o                                       16
    ------------------------------------------------
    Total:                   1 836      128       16

    Linker created                       18      256
----------------------------------------------------
    Grand Total:             7 109      860      393


*******************************************************************************
*** ENTRY LIST
***

Entry                    Address   Size  Type      Object
-----                    -------   ----  ----      ------
.iar.init_table$$Base   0x009d14          --   Gb  - Linker created -
.iar.init_table$$Limit  0x009d26          --   Gb  - Linker created -
?and16_x_x_dw           0x009d44         Code  Gb  short.o [4]
?and16_x_x_w0           0x009d47         Code  Gb  short.o [4]
?b0                     0x000000         Data  Gb  vregs.o [4]
?b1                     0x000001         Data  Gb  vregs.o [4]
?b10                    0x00000a         Data  Gb  vregs.o [4]
?b11                    0x00000b         Data  Gb  vregs.o [4]
?b12                    0x00000c         Data  Gb  vregs.o [4]
?b13                    0x00000d         Data  Gb  vregs.o [4]
?b14                    0x00000e         Data  Gb  vregs.o [4]
?b15                    0x00000f         Data  Gb  vregs.o [4]
?b2                     0x000002         Data  Gb  vregs.o [4]
?b3                     0x000003         Data  Gb  vregs.o [4]
?b4                     0x000004         Data  Gb  vregs.o [4]
?b5                     0x000005         Data  Gb  vregs.o [4]
?b6                     0x000006         Data  Gb  vregs.o [4]
?b7                     0x000007         Data  Gb  vregs.o [4]
?b8                     0x000008         Data  Gb  vregs.o [4]
?b9                     0x000009         Data  Gb  vregs.o [4]
?dc16_w0                0x009adb         Code  Gb  dc_util.o [4]
?dc32_l0                0x009ae9         Code  Gb  dc_util.o [4]
?dc32_l1                0x009af6         Code  Gb  dc_util.o [4]
?dc32_px                0x009b03         Code  Gb  dc_util.o [4]
?e0                     0x000001         Data  Gb  vregs.o [4]
?e1                     0x000005         Data  Gb  vregs.o [4]
?e2                     0x000009         Data  Gb  vregs.o [4]
?e3                     0x00000d         Data  Gb  vregs.o [4]
?epilogue_l2            0x008f6c         Code  Gb  vreg_util.o [4]
?epilogue_l2_l3         0x008f69         Code  Gb  vreg_util.o [4]
?epilogue_l2_w6         0x008f70         Code  Gb  vreg_util.o [4]
?epilogue_w4            0x008f77         Code  Gb  vreg_util.o [4]
?fcastf32u16_l0_x       0x0088ad         Code  Gb  float.o [4]
?fcastf32u32_l0_l0      0x008900         Code  Gb  float.o [4]
?fcasts16f32_x_l0       0x0088cb         Code  Gb  float.o [4]
?fcmpge32_c_l0_0x       0x008855         Code  Gb  float.o [4]
?fcmpge32_c_l0_dc32     0x008850         Code  Gb  float.o [4]
?fdiv32_l0_l0_l1        0x0087a2         Code  Gb  float.o [4]
?fmul32_l0_l0_dc32      0x008702         Code  Gb  float.o [4]
?fmul32_l0_l0_l1        0x008707         Code  Gb  float.o [4]
?inc32_0x_0x            0x008c66         Code  Gb  long.o [4]
?inc32_l0_l0            0x008c5c         Code  Gb  long.o [4]
?inc32_l2_l2            0x008c61         Code  Gb  long.o [4]
?l0                     0x000000         Data  Gb  vregs.o [4]
?l1                     0x000004         Data  Gb  vregs.o [4]
?l2                     0x000008         Data  Gb  vregs.o [4]
?l3                     0x00000c         Data  Gb  vregs.o [4]
?load32_0x_l0           0x0099b7         Code  Gb  long_util.o [4]
?load32_asp_l0          0x0099ab         Code  Gb  long_util.o [4]
?load32_dbsp_l0         0x0099a6         Code  Gb  long_util.o [4]
?load32_l0_0x           0x00998e         Code  Gb  long_util.o [4]
?load32_l0_asp          0x009983         Code  Gb  long_util.o [4]
?load32_l0_dbsp         0x00997e         Code  Gb  long_util.o [4]
?load32_l0_xsp          0x009985         Code  Gb  long_util.o [4]
?load32_l1_0x           0x00999a         Code  Gb  long_util.o [4]
?load32_xsp_l0          0x0099ad         Code  Gb  long_util.o [4]
?mov_e0_e1              0x008f85         Code  Gb  vreg_util.o [4]
?mov_e0_e2              0x008f92         Code  Gb  vreg_util.o [4]
?mov_e0_e3              0x008f9f         Code  Gb  vreg_util.o [4]
?mov_e1_e0              0x008fac         Code  Gb  vreg_util.o [4]
?mov_e1_e2              0x008fb9         Code  Gb  vreg_util.o [4]
?mov_e1_e3              0x008fc6         Code  Gb  vreg_util.o [4]
?mov_e2_e0              0x008fd3         Code  Gb  vreg_util.o [4]
?mov_e3_e0              0x008fe0         Code  Gb  vreg_util.o [4]
?mov_l0_l1              0x008f82         Code  Gb  vreg_util.o [4]
?mov_l0_l2              0x008f8f         Code  Gb  vreg_util.o [4]
?mov_l0_l3              0x008f9c         Code  Gb  vreg_util.o [4]
?mov_l1_l0              0x008fa9         Code  Gb  vreg_util.o [4]
?mov_l1_l2              0x008fb6         Code  Gb  vreg_util.o [4]
?mov_l1_l3              0x008fc3         Code  Gb  vreg_util.o [4]
?mov_l2_l0              0x008fd0         Code  Gb  vreg_util.o [4]
?mov_l3_l0              0x008fdd         Code  Gb  vreg_util.o [4]
?mov_w0_w1              0x008f7b         Code  Gb  vreg_util.o [4]
?mov_w1_w3              0x008f88         Code  Gb  vreg_util.o [4]
?mov_w1_w5              0x008f95         Code  Gb  vreg_util.o [4]
?mov_w1_w7              0x008fa2         Code  Gb  vreg_util.o [4]
?mov_w3_w1              0x008faf         Code  Gb  vreg_util.o [4]
?mov_w3_w5              0x008fbc         Code  Gb  vreg_util.o [4]
?mov_w3_w7              0x008fc9         Code  Gb  vreg_util.o [4]
?mov_w5_w1              0x008fd6         Code  Gb  vreg_util.o [4]
?mov_w7_w1              0x008fe3         Code  Gb  vreg_util.o [4]
?mul32_l0_l0_0x         0x008c97         Code  Gb  long.o [4]
?mul32_l0_l0_dl         0x008c94         Code  Gb  long.o [4]
?mul32_l0_l0_l1         0x008ca0         Code  Gb  long.o [4]
?pop_l0                 0x008f35         Code  Gb  vreg_util.o [4]
?pop_l1                 0x008f40         Code  Gb  vreg_util.o [4]
?pop_l2                 0x008f4b         Code  Gb  vreg_util.o [4]
?pop_l3                 0x008f56         Code  Gb  vreg_util.o [4]
?pop_w4                 0x008eee         Code  Gb  vreg_util.o [4]
?pop_w6                 0x008ef5         Code  Gb  vreg_util.o [4]
?push_l0                0x008f04         Code  Gb  vreg_util.o [4]
?push_l1                0x008f09         Code  Gb  vreg_util.o [4]
?push_l2                0x008f0e         Code  Gb  vreg_util.o [4]
?push_l3                0x008f13         Code  Gb  vreg_util.o [4]
?push_w4                0x008ed1         Code  Gb  vreg_util.o [4]
?push_w6                0x008ed6         Code  Gb  vreg_util.o [4]
?sll16_x_x_a            0x009d4f         Code  Gb  short.o [4]
?sll32_0x_0x_a          0x008d96         Code  Gb  long.o [4]
?sll32_l0_l0_a          0x008d93         Code  Gb  long.o [4]
?srl16_x_x_4            0x009d57         Code  Gb  short.o [4]
?sub32_l0_l0_0x         0x008c7c         Code  Gb  long.o [4]
?sub32_l0_l0_dl         0x008c74         Code  Gb  long.o [4]
?sub32_l0_l0_l1         0x008c79         Code  Gb  long.o [4]
?udiv32_l0_dl_l1        0x008d1e         Code  Gb  long.o [4]
?udiv32_l0_l0_dl        0x008d23         Code  Gb  long.o [4]
?udiv32_l0_l0_l1        0x008d26         Code  Gb  long.o [4]
?umod32_l1_l0_l1        0x008d26         Code  Gb  long.o [4]
?w0                     0x000000         Data  Gb  vregs.o [4]
?w1                     0x000002         Data  Gb  vregs.o [4]
?w2                     0x000004         Data  Gb  vregs.o [4]
?w3                     0x000006         Data  Gb  vregs.o [4]
?w4                     0x000008         Data  Gb  vregs.o [4]
?w5                     0x00000a         Data  Gb  vregs.o [4]
?w6                     0x00000c         Data  Gb  vregs.o [4]
?w7                     0x00000e         Data  Gb  vregs.o [4]
CLK_ClockSwitchConfig   0x008da4  0x12d  Code  Gb  stm8s_clk.o [1]
CLK_DeInit              0x009a71   0x36  Code  Gb  stm8s_clk.o [1]
CLK_GetClockFreq        0x009611   0x57  Code  Gb  stm8s_clk.o [1]
CLK_SYSCLKConfig        0x009459   0x8b  Code  Gb  stm8s_clk.o [1]
CSTACK$$Base            0x000300          --   Gb  - Linker created -
CSTACK$$Limit           0x000400          --   Gb  - Linker created -
FLASH_Lock              0x009c4f   0x2b  Code  Gb  stm8s_flash.o [1]
FLASH_ProgramByte       0x0096bd   0x54  Code  Gb  stm8s_flash.o [1]
FLASH_ReadByte          0x009934   0x4a  Code  Gb  stm8s_flash.o [1]
FLASH_SetProgrammingTime
                        0x009bc9   0x2d  Code  Gb  stm8s_flash.o [1]
FLASH_Unlock            0x009a00   0x3b  Code  Gb  stm8s_flash.o [1]
File_Operator           0x009765   0x52  Code  Gb  main.o [1]
GPIO_DeInit             0x009d86   0x14  Code  Gb  stm8s_gpio.o [1]
GPIO_Init               0x008fea  0x110  Code  Gb  stm8s_gpio.o [1]
GPIO_ReadInputPin       0x009ef2    0x7  Code  Gb  stm8s_gpio.o [1]
GPIO_WriteHigh          0x009ee4    0x7  Code  Gb  stm8s_gpio.o [1]
GPIO_WriteLow           0x009f02    0x4  Code  Gb  stm8s_gpio.o [1]
GPIO_WriteReverse       0x009eeb    0x7  Code  Gb  stm8s_gpio.o [1]
HSIDivFactor            0x009efe    0x4  Data  Gb  stm8s_clk.o [1]
INTVEC$$Base            0x008000          --   Gb  - Linker created -
INTVEC$$Limit           0x008080          --   Gb  - Linker created -
Region$$Table$$Base     0x009d14          --   Gb  - Linker created -
Region$$Table$$Limit    0x009d26          --   Gb  - Linker created -
TIM2_ClearFlag          0x009b6d   0x2f  Code  Gb  stm8s_tim2.o [1]
TIM2_ClearITPendingBit  0x009c7a   0x28  Code  Gb  stm8s_tim2.o [1]
TIM2_Cmd                0x009b3e   0x2f  Code  Gb  stm8s_tim2.o [1]
TIM2_DeInit             0x0095b8   0x59  Code  Gb  stm8s_tim2.o [1]
TIM2_GetITStatus        0x009668   0x55  Code  Gb  stm8s_tim2.o [1]
TIM2_ITConfig           0x009711   0x54  Code  Gb  stm8s_tim2.o [1]
TIM2_TimeBaseInit       0x009ea7    0xc  Code  Gb  stm8s_tim2.o [1]
TIM2_UPD_OVF_BRK_IRQHandler
                        0x009b0e   0x30  Code  Gb  main.o [1]
Time                    0x00006b   0x10  Data  Gb  main.o [1]
UART1_Cmd               0x009e75    0xd  Code  Gb  stm8s_uart1.o [1]
UART1_DeInit            0x009bf6   0x2d  Code  Gb  stm8s_uart1.o [1]
UART1_GetFlagStatus     0x00929d   0x9e  Code  Gb  stm8s_uart1.o [1]
UART1_GetITStatus       0x0090fa   0xd3  Code  Gb  stm8s_uart1.o [1]
UART1_ITConfig          0x0091cd   0xd0  Code  Gb  stm8s_uart1.o [1]
UART1_Init              0x008a3a  0x222  Code  Gb  stm8s_uart1.o [1]
UART1_RX_IRQHandler     0x00933b   0x90  Code  Gb  main.o [1]
UART1_ReceiveData8      0x009f06    0x4  Code  Gb  stm8s_uart1.o [1]
UART1_SendData8         0x009f0a    0x4  Code  Gb  stm8s_uart1.o [1]
__DebugBreak            0x009f20    0x1  Code  Gb  __dbg_break.o [3]
__exit                  0x009dae   0x14  Code  Gb  __dbg_xxexit.o [3]
__iar_copy_init2        0x009ca2         Code  Gb  init_small.o [4]
__iar_data_init2        0x009d9a   0x14  Code  Gb  init.o [4]
__iar_program_start     0x009de8         Code  Gb  cstartup.o [4]
__iar_unhandled_exception
                        0x009f17         Code  Gb  unhandled_exception.o [4]
__iar_zero_init2        0x009d26         Code  Gb  init_small.o [4]
__intvec                0x008000         Data  Gb  interrupt.o [4]
__low_level_init        0x009f11    0x3  Code  Gb  low_level_init.o [4]
_exit                   0x009ef9         Code  Gb  cexit.o [4]
_interrupt_15           0x009b0e         Code  Gb  main.o [1]
_interrupt_20           0x00933b         Code  Gb  main.o [1]
assert_failed           0x009f1e    0x2  Code  Gb  main.o [1]
b_Power                 0x000087    0x1  Data  Gb  main.o [1]
exit                    0x009f14    0x3  Code  Gb  exit.o [4]
i_ForceMode             0x000088    0x1  Data  Gb  main.o [1]
ioInit                  0x0094e4   0x6c  Code  Gb  main.o [1]
main                    0x008080  0x682  Code  Gb  main.o [1]
memset                  0x009d5c   0x16  Code  Gb  memset.o [4]
millis_Start            0x0093cb   0x8e  Code  Gb  main.o [1]
n_AutoSeq               0x000085    0x2  Data  Gb  main.o [1]
n_Tone                  0x000034    0x2  Data  Gb  main.o [1]
pass                    0x00007b    0xa  Data  Gb  main.o [1]
power_IO                0x0099c5   0x3b  Code  Gb  main.o [1]
r_Error                 0x000030    0x4  Data  Gb  main.o [1]
r_Recive                0x00002c    0x4  Data  Gb  main.o [1]
r_Start                 0x000010    0xe  Data  Gb  main.o [1]
r_Stop                  0x00001e    0xe  Data  Gb  main.o [1]
rccConfig               0x009d72   0x14  Code  Gb  main.o [1]
speak_Ring              0x009550   0x68  Code  Gb  main.o [1]
strcmp                  0x009c23   0x2c  Code  Gb  strcmp.o [4]
strlen                  0x009e82    0xd  Code  Gb  strlen.o [4]
strncpy                 0x009aa7   0x34  Code  Gb  strncpy.o [4]
uart1                   0x000036   0x35  Data  Gb  main.o [1]
uartInit                0x009b9c   0x2d  Code  Gb  main.o [1]
uartSend                0x009cf0   0x24  Code  Gb  main.o [1]


[1] = C:\Users\hoang\OneDrive\Desktop\KhoaXeMay\Firmware\Debug\Obj
[2] = command line
[3] = dbgstm8smd.a
[4] = dlstm8smn.a

  7 109 bytes of readonly  code memory
    860 bytes of readonly  data memory
    393 bytes of readwrite data memory

Errors: none
Warnings: none
